// Jest Snapshot v1, https://goo.gl/fbAQLP

exports[`format calls node with the script path and args including inspect-brk argument: console log 1`] = `node --inspect-brk=3080 <PROJECT_ROOT>/src/scripts/test.js --no-watch`;

exports[`format calls node with the script path and args: console log 1`] = `node <PROJECT_ROOT>/src/scripts/test.js --no-watch`;

exports[`format does not log for other signals: console log 1`] = `[]`;

exports[`format logs for SIGKILL signal: console log 1`] = `
[
  [
    The script "lint" failed because the process exited too early. This probably means the system ran out of memory or someone called \`kill -9\` on the process.,
  ],
]
`;

exports[`format logs for SIGTERM signal: console log 1`] = `
[
  [
    The script "build" failed because the process exited too early. Someone might have called \`kill\` or \`killall\`, or the system could be shutting down.,
  ],
]
`;

exports[`format logs help with no args: console log 1`] = `
[
  [
    
Usage: ../ [script] [--flags]

Available Scripts:
  build
  format
  lint
  pre-commit
  test
  typecheck
  validate

Options:
  All options depend on the script. Docs will be improved eventually, but for most scripts you can assume that the args you pass will be forwarded to the respective tool that's being run under the hood.

May the force be with you.
,
  ],
]
`;

exports[`format throws unknown script: errors 1`] = `Unknown script "unknown-script".`;
